// Jest Snapshot v1, https://goo.gl/fbAQLP

exports[`JWT decode decodes a valid token 1`] = `
{
  "decoded": {
    "header": {
      "alg": "HS256",
      "typ": "JWT",
    },
    "payload": {
      "iat": 1516239022,
      "name": "John Doe",
      "sub": "1234567890",
    },
    "signature": Uint8Array [
      73,
      249,
      74,
      199,
      4,
      73,
      72,
      199,
      138,
      40,
      93,
      144,
      79,
      135,
      240,
      164,
      199,
      137,
      127,
      126,
      143,
      58,
      78,
      178,
      37,
      95,
      218,
      117,
      11,
      44,
      195,
      151,
    ],
  },
  "raw": {
    "header": "eyJhbGciOiJIUzI1NiIsInR5cCI6IkpXVCJ9",
    "payload": "eyJzdWIiOiIxMjM0NTY3ODkwIiwibmFtZSI6IkpvaG4gRG9lIiwiaWF0IjoxNTE2MjM5MDIyfQ",
    "signature": "SflKxwRJSMeKKF2QT4fwpMeJf36POk6yJV_adQssw5c",
  },
}
`;
